// Jest Snapshot v1, https://goo.gl/fbAQLP

exports[`snapshot test renders correctly 1`] = `
<div>
  <h2>
    My Media List
  </h2>
  <h4>
    Search for your favorite music, music videos, podcasts, and more!
  </h4>
  <h4
    className="mb-4"
  >
    Add them to a list of your favorite media items.
  </h4>
</div>
`;
